/{date=year:2010-2015}$
/{date=year_mon:201001-201512}$
/a3
/abstract
/account
/act
/action
/activity
/ad
/address
/ajax
/alarm
/api
/app
/ar
/attachment
/auth
/authority
/autounittestcode
/award
/back
/backup
/bak
/base
/bd
/bg
/bin
/blacklist
/blog
/bootstrap
/brand
/build
/cache
/caching
/cacti
/zabbix
/cake
/captcha
/category
/cdn
/ch
/check
/city
/class
/classes
/classic
/client
/cluster
/collection
/gouwu
/group
/gss
/dede_tjgx/login.php
/admin/login_no_ssl.php
/admin-console/
/admin-console/login.seam
/jmx-console/
/web_admin/
/web_admin/login.php
/web.tar.gz
/admin.rar
/admin-manage/login.asp
/admin-manage/
/scjg/
/scjg/manage_login.asp
/ycportal/jsp/backup/backupfile.jsp
/0sec1?.php
/ad_plus_js.php
/aik.php
/;a.php
/av.php
/bakup.php
/ces.php
/checkinq.php
/dedevoteinc.php
/digg_ad.php
/(?<!digg/)digg.php
/e7xue.php
/flenk.php
/flink_del.php
/fszo.php
/fuc[ck].php
/hongfeng.php
/infor.php
/indray.php
/list\.inc.php
/Log.php
/long.php
/mb.php
/moon.php
/my[bc]ak.php
/Mycool.php
/royal.php
/select_config.php
/sfmb.php
/shv.php
/slhack.php
/var.php
/wisdom.php
/xuwn.php
/zappkey&.php
/zdqd.php
/zhb.php
/c99.php
/r57.php
/splitword.php
/server_sync.php
/bao.asp
/bao.php
/bao.aspx
/readme.php
/readme.asp